// 重构日志: 26c7bcf0
// 重构日志: 3c60cdd1
// 重构日志: 30985551
// 同步 ID: ef27f4e7 @ Sat Jul 18 04:16:04 UTC 2026
// 重构日志: b609a001
// 重构日志: 523a64c5
// 同步 ID: 9a434785 @ Mon Jul 20 20:39:46 UTC 2026
// 重构日志: 0c56e994
// 同步 ID: dd539403 @ Tue Jul 21 17:37:01 UTC 2026
// 重构日志: 920f5493
// 重构日志: 744abf7b
// 重构日志: c3937e5a
// 重构日志: 9d150a96
// 重构日志: a6c14fcb
// 重构日志: 5266eea2
// 重构日志: f97481f1
// 重构日志: 6b6be7c3
// 同步 ID: 92588112 @ Sun Jul 26 23:10:14 UTC 2026
// 同步 ID: 8c07c3d6 @ Mon Jul 27 00:39:34 UTC 2026
// 同步 ID: ad47a6b4 @ Mon Jul 27 17:33:06 UTC 2026
// 同步 ID: 9fecbd52 @ Tue Jul 28 03:55:51 UTC 2026
// 同步 ID: b2bfe442 @ Tue Jul 28 10:45:40 UTC 2026
// 重构日志: 99eeb0df
// 同步 ID: 613a55cf @ Wed Jul 29 03:45:52 UTC 2026
// 重构日志: 55727d01
// 重构日志: 25dac9e9
// 重构日志: 09744983
// 重构日志: 67e57267
// 重构日志: b78c7bd7
// 同步 ID: 15621983 @ Thu Jul 30 10:18:57 UTC 2026
// 重构日志: cd68dd9b
